groups: cannot find name for group ID 10000
]0;/home/./staff/egel/unix]0;egel@svma-s-01171: ~[01;32megel@svma-s-01171[00m:[01;34m~[00m$ [K]0;egel@svma-s-01171: ~[01;32megel@svma-s-01171[00m:[01;34m~[00m$ git status
On branch master
Your branch and 'origin/master' have diverged,
and have 1 and 17 different commits each, respectively.
  (use "git pull" to merge the remote branch into yours)

All conflicts fixed but you are still merging.
  (use "git commit" to conclude merge)

Changes to be committed:

	[32mmodified:   13_Statistik1/Abstract.Rmd[m
	[32mmodified:   13_Statistik1/Demo_Tests.Rmd[m
	[32mmodified:   13_Statistik1/assigment_stat1.Rmd[m
	[32mmodified:   13_Statistik1/solution_stat1.Rmd[m
	[32mmodified:   14_Statistik2/Abstract.Rmd[m
	[32mmodified:   14_Statistik2/Demoskript.Rmd[m

Changes not staged for commit:
  (use "git add/rm <file>..." to update what will be committed)
  (use "git checkout -- <file>..." to discard changes in working directory)

	[31mmodified:   .Rhistory[m
	[31mmodified:   .bash_history[m
	[31mdeleted:    .rstudio/client-state/console.temporary[m
	[31mdeleted:    .rstudio/client-state/environment-panel.temporary[m
	[31mdeleted:    .rstudio/client-state/history.temporary[m
	[31mmodified:   .rstudio/client-state/workbenchp.persistent[m
	[31mmodified:   .rstudio/history_database[m
	[31mmodified:   .rstudio/projects_settings/last-project-path[m
	[31mdeleted:    .rstudio/sessions/active/session-f03d6fce/console06/70AAD085[m
	[31mdeleted:    .rstudio/sessions/active/session-f03d6fce/console06/70AAD085.env[m
	[31mdeleted:    .rstudio/sessions/active/session-f03d6fce/console06/INDEX001[m
	[31mdeleted:    .rstudio/sessions/active/session-f03d6fce/graphics-r3/empty.png[m
	[31mdeleted:    .rstudio/sessions/active/session-f03d6fce/properites/created[m
	[31mdeleted:    .rstudio/sessions/active/session-f03d6fce/properites/executing[m
	[31mdeleted:    .rstudio/sessions/active/session-f03d6fce/properites/initial[m
	[31mdeleted:    .rstudio/sessions/active/session-f03d6fce/properites/last-used[m
	[31mdeleted:    .rstudio/sessions/active/session-f03d6fce/properites/project[m
	[31mdeleted:    .rstudio/sessions/active/session-f03d6fce/properites/r-version[m
	[31mdeleted:    .rstudio/sessions/active/session-f03d6fce/properites/r-version-home[m
	[31mdeleted:    .rstudio/sessions/active/session-f03d6fce/properites/r-version-label[m
	[31mdeleted:    .rstudio/sessions/active/session-f03d6fce/properites/running[m
	[31mdeleted:    .rstudio/sessions/active/session-f03d6fce/properites/save_prompt_required[m
	[31mdeleted:    .rstudio/sessions/active/session-f03d6fce/properites/working-dir[m
	[31mdeleted:    .rstudio/sessions/active/session-f03d6fce/session-persistent-state[m
	[31mmodified:   .viminfo[m
	[31mmodified:   13_Statistik1/solution_stat1.Rmd[m

Untracked files:
  (use "git add <file>..." to include in what will be committed)

	[31m.rstudio/monitored/lists/notebooks[m
	[31m.rstudio/sessions/active/session-a54d4ffe/[m
	[31m.rstudio/sessions/session-locks/[m

]0;/home/./staff/egel/unix]0;egel@svma-s-01171: ~[01;32megel@svma-s-01171[00m:[01;34m~[00m$ git pull
error: You have not concluded your merge (MERGE_HEAD exists).
hint: Please, commit your changes before merging.
fatal: Exiting because of unfinished merge.
]0;/home/./staff/egel/unix]0;egel@svma-s-01171: ~[01;32megel@svma-s-01171[00m:[01;34m~[00m$ git commit m[K-m ""u"[1P"g"e"t" "a"[1P"l"a"s"t" [A]0;egel@svma-s-01171: ~[01;32megel@svma-s-01171[00m:[01;34m~[00m$ [C[C[C[C[C[C[C[C[C[C[C[C[C[C[C[C[C[C[C[C[C[C[C ""u"p"d"a"t"e"
[master 098ee32] get last update
]0;/home/./staff/egel/unix]0;egel@svma-s-01171: ~[01;32megel@svma-s-01171[00m:[01;34m~[00m$ git push
Username for 'https://github.zhaw.ch': egel
Password for 'https://egel@github.zhaw.ch': 
To https://github.zhaw.ch/ModulResearchMethods/Unterrichtsunterlagen_HS19.git
 ! [rejected]        master -> master (fetch first)
error: failed to push some refs to 'https://github.zhaw.ch/ModulResearchMethods/Unterrichtsunterlagen_HS19.git'
hint: Updates were rejected because the remote contains work that you do
hint: not have locally. This is usually caused by another repository pushing
hint: to the same ref. You may want to first integrate the remote changes
hint: (e.g., 'git pull ...') before pushing again.
hint: See the 'Note about fast-forwards' in 'git push --help' for details.
]0;/home/./staff/egel/unix]0;egel@svma-s-01171: ~[01;32megel@svma-s-01171[00m:[01;34m~[00m$ [K]0;egel@svma-s-01171: ~[01;32megel@svma-s-01171[00m:[01;34m~[00m$ [K]0;egel@svma-s-01171: ~[01;32megel@svma-s-01171[00m:[01;34m~[00m$ [K]0;egel@svma-s-01171: ~[01;32megel@svma-s-01171[00m:[01;34m~[00m$ git pull
Username for 'https://github.zhaw.ch': egel
Password for 'https://egel@github.zhaw.ch': 
remote: Enumerating objects: 4, done.[K
remote: Counting objects:  25% (1/4)   [Kremote: Counting objects:  50% (2/4)   [Kremote: Counting objects:  75% (3/4)   [Kremote: Counting objects: 100% (4/4)   [Kremote: Counting objects: 100% (4/4), done.[K
remote: Compressing objects:  25% (1/4)   [Kremote: Compressing objects:  50% (2/4)   [Kremote: Compressing objects:  75% (3/4)   [Kremote: Compressing objects: 100% (4/4)   [Kremote: Compressing objects: 100% (4/4), done.[K
remote: Total 4 (delta 0), reused 0 (delta 0), pack-reused 0
Unpacking objects:  25% (1/4)   Unpacking objects:  50% (2/4)   Unpacking objects:  75% (3/4)   Unpacking objects: 100% (4/4)   Unpacking objects: 100% (4/4), done.
From https://github.zhaw.ch/ModulResearchMethods/Unterrichtsunterlagen_HS19
   789f5b7..3064a42  master     -> origin/master
hint: Waiting for your editor to close the file... [?2004h[23;0;0t[KMerge made by the 'recursive' strategy.
 14_Statistik2/solution_stat2.3s.Rmd | 2 [32m+[m[31m-[m
 1 file changed, 1 insertion(+), 1 deletion(-)
]0;/home/./staff/egel/unix]0;egel@svma-s-01171: ~[01;32megel@svma-s-01171[00m:[01;34m~[00m$ git status
On branch master
Your branch is ahead of 'origin/master' by 3 commits.
  (use "git push" to publish your local commits)

Changes not staged for commit:
  (use "git add/rm <file>..." to update what will be committed)
  (use "git checkout -- <file>..." to discard changes in working directory)

	[31mmodified:   .Rhistory[m
	[31mmodified:   .bash_history[m
	[31mdeleted:    .rstudio/client-state/console.temporary[m
	[31mdeleted:    .rstudio/client-state/environment-panel.temporary[m
	[31mdeleted:    .rstudio/client-state/history.temporary[m
	[31mmodified:   .rstudio/client-state/workbenchp.persistent[m
	[31mmodified:   .rstudio/history_database[m
	[31mmodified:   .rstudio/projects_settings/last-project-path[m
	[31mdeleted:    .rstudio/sessions/active/session-f03d6fce/console06/70AAD085[m
	[31mdeleted:    .rstudio/sessions/active/session-f03d6fce/console06/70AAD085.env[m
	[31mdeleted:    .rstudio/sessions/active/session-f03d6fce/console06/INDEX001[m
	[31mdeleted:    .rstudio/sessions/active/session-f03d6fce/graphics-r3/empty.png[m
	[31mdeleted:    .rstudio/sessions/active/session-f03d6fce/properites/created[m
	[31mdeleted:    .rstudio/sessions/active/session-f03d6fce/properites/executing[m
	[31mdeleted:    .rstudio/sessions/active/session-f03d6fce/properites/initial[m
	[31mdeleted:    .rstudio/sessions/active/session-f03d6fce/properites/last-used[m
	[31mdeleted:    .rstudio/sessions/active/session-f03d6fce/properites/project[m
	[31mdeleted:    .rstudio/sessions/active/session-f03d6fce/properites/r-version[m
	[31mdeleted:    .rstudio/sessions/active/session-f03d6fce/properites/r-version-home[m
	[31mdeleted:    .rstudio/sessions/active/session-f03d6fce/properites/r-version-label[m
	[31mdeleted:    .rstudio/sessions/active/session-f03d6fce/properites/running[m
	[31mdeleted:    .rstudio/sessions/active/session-f03d6fce/properites/save_prompt_required[m
	[31mdeleted:    .rstudio/sessions/active/session-f03d6fce/properites/working-dir[m
	[31mdeleted:    .rstudio/sessions/active/session-f03d6fce/session-persistent-state[m
	[31mmodified:   .viminfo[m
	[31mmodified:   13_Statistik1/solution_stat1.Rmd[m

Untracked files:
  (use "git add <file>..." to include in what will be committed)

	[31m.rstudio/monitored/lists/notebooks[m
	[31m.rstudio/sessions/active/session-a54d4ffe/[m
	[31m.rstudio/sessions/session-locks/[m

no changes added to commit (use "git add" and/or "git commit -a")
]0;/home/./staff/egel/unix]0;egel@svma-s-01171: ~[01;32megel@svma-s-01171[00m:[01;34m~[00m$ git p[Kpull
Username for 'https://github.zhaw.ch': egel
Password for 'https://egel@github.zhaw.ch': 
Already up to date.
]0;/home/./staff/egel/unix]0;egel@svma-s-01171: ~[01;32megel@svma-s-01171[00m:[01;34m~[00m$ [K]0;egel@svma-s-01171: ~[01;32megel@svma-s-01171[00m:[01;34m~[00m$ git add -A
]0;/home/./staff/egel/unix]0;egel@svma-s-01171: ~[01;32megel@svma-s-01171[00m:[01;34m~[00m$ ci[K[Kgt [K[Kit commit -m ""c"h"a"n"g"e"s i"n" "s"o"l"u" [A]0;egel@svma-s-01171: ~[01;32megel@svma-s-01171[00m:[01;34m~[00m$ [C[C[C[C[C[C[C[C[C[C[C[C[C[C[C[C[C[C[C[C[C[C[C[C[C[C[C[C[C[Ct""i"o"n" "s"t"a"t"1"
[master 675d601] changes in solution stat1
 32 files changed, 297 insertions(+), 156 deletions(-)
 delete mode 100644 .rstudio/client-state/console.temporary
 delete mode 100644 .rstudio/client-state/environment-panel.temporary
 delete mode 100644 .rstudio/client-state/history.temporary
 rename .rstudio/{sessions/active/session-f03d6fce/graphics-r3/empty.png => monitored/lists/notebooks} (100%)
 create mode 100644 .rstudio/sessions/active/session-a54d4ffe/console06/C19612EB
 rename .rstudio/sessions/active/{session-f03d6fce/console06/70AAD085.env => session-a54d4ffe/console06/C19612EB.env} (94%)
 create mode 100644 .rstudio/sessions/active/session-a54d4ffe/console06/INDEX001
 create mode 100644 .rstudio/sessions/active/session-a54d4ffe/properites/created
 rename .rstudio/sessions/active/{session-f03d6fce => session-a54d4ffe}/properites/executing (100%)
 rename .rstudio/sessions/active/{session-f03d6fce => session-a54d4ffe}/properites/initial (100%)
 create mode 100644 .rstudio/sessions/active/session-a54d4ffe/properites/last-used
 rename .rstudio/sessions/active/{session-f03d6fce => session-a54d4ffe}/properites/project (100%)
 rename .rstudio/sessions/active/{session-f03d6fce => session-a54d4ffe}/properites/r-version (100%)
 rename .rstudio/sessions/active/{session-f03d6fce => session-a54d4ffe}/properites/r-version-home (100%)
 rename .rstudio/sessions/active/{session-f03d6fce => session-a54d4ffe}/properites/r-version-label (100%)
 rename .rstudio/sessions/active/{session-f03d6fce => session-a54d4ffe}/properites/running (100%)
 create mode 100644 .rstudio/sessions/active/session-a54d4ffe/properites/save_prompt_required
 rename .rstudio/sessions/active/{session-f03d6fce => session-a54d4ffe}/properites/working-dir (100%)
 create mode 100644 .rstudio/sessions/active/session-a54d4ffe/session-persistent-state
 delete mode 100644 .rstudio/sessions/active/session-f03d6fce/console06/70AAD085
 delete mode 100644 .rstudio/sessions/active/session-f03d6fce/console06/INDEX001
 delete mode 100644 .rstudio/sessions/active/session-f03d6fce/properites/created
 delete mode 100644 .rstudio/sessions/active/session-f03d6fce/properites/last-used
 delete mode 100644 .rstudio/sessions/active/session-f03d6fce/properites/save_prompt_required
 delete mode 100644 .rstudio/sessions/active/session-f03d6fce/session-persistent-state
]0;/home/./staff/egel/unix]0;egel@svma-s-01171: ~[01;32megel@svma-s-01171[00m:[01;34m~[00m$ git push
Username for 'https://github.zhaw.ch': egel
Password for 'https://egel@github.zhaw.ch': 
Counting objects: 57, done.
Delta compression using up to 16 threads.
Compressing objects:   2% (1/47)   Compressing objects:   4% (2/47)   Compressing objects:   6% (3/47)   Compressing objects:   8% (4/47)   Compressing objects:  10% (5/47)   Compressing objects:  12% (6/47)   Compressing objects:  14% (7/47)   Compressing objects:  17% (8/47)   Compressing objects:  19% (9/47)   Compressing objects:  21% (10/47)   Compressing objects:  23% (11/47)   Compressing objects:  25% (12/47)   Compressing objects:  27% (13/47)   Compressing objects:  29% (14/47)   Compressing objects:  31% (15/47)   Compressing objects:  34% (16/47)   Compressing objects:  36% (17/47)   Compressing objects:  38% (18/47)   Compressing objects:  40% (19/47)   Compressing objects:  42% (20/47)   Compressing objects:  44% (21/47)   Compressing objects:  46% (22/47)   Compressing objects:  48% (23/47)   Compressing objects:  51% (24/47)   Compressing objects:  53% (25/47)   Compressing objects:  55% (26/47)   Compressing objects:  57% (27/47)   Compressing objects:  59% (28/47)   Compressing objects:  61% (29/47)   Compressing objects:  63% (30/47)   Compressing objects:  65% (31/47)   Compressing objects:  68% (32/47)   Compressing objects:  70% (33/47)   Compressing objects:  72% (34/47)   Compressing objects:  74% (35/47)   Compressing objects:  76% (36/47)   Compressing objects:  78% (37/47)   Compressing objects:  80% (38/47)   Compressing objects:  82% (39/47)   Compressing objects:  85% (40/47)   Compressing objects:  87% (41/47)   Compressing objects:  89% (42/47)   Compressing objects:  91% (43/47)   Compressing objects:  93% (44/47)   Compressing objects:  95% (45/47)   Compressing objects:  97% (46/47)   Compressing objects: 100% (47/47)   Compressing objects: 100% (47/47), done.
Writing objects:   1% (1/57)   Writing objects:   3% (2/57)   Writing objects:   5% (3/57)   Writing objects:   7% (4/57)   Writing objects:   8% (5/57)   Writing objects:  10% (6/57)   Writing objects:  12% (7/57)   Writing objects:  14% (8/57)   Writing objects:  15% (9/57)   Writing objects:  17% (10/57)   Writing objects:  19% (11/57)   Writing objects:  21% (12/57)   Writing objects:  22% (13/57)   Writing objects:  24% (14/57)   Writing objects:  26% (15/57)   Writing objects:  28% (16/57)   Writing objects:  29% (17/57)   Writing objects:  31% (18/57)   Writing objects:  33% (19/57)   Writing objects:  35% (20/57)   Writing objects:  36% (21/57)   Writing objects:  38% (22/57)   Writing objects:  40% (23/57)   Writing objects:  43% (25/57)   Writing objects:  45% (26/57)   Writing objects:  47% (27/57)   Writing objects:  49% (28/57)   Writing objects:  50% (29/57)   Writing objects:  52% (30/57)   Writing objects:  54% (31/57)   Writing objects:  56% (32/57)   Writing objects:  57% (33/57)   Writing objects:  59% (34/57)   Writing objects:  61% (35/57)   Writing objects:  63% (36/57)   Writing objects:  64% (37/57)   Writing objects:  66% (38/57)   Writing objects:  68% (39/57)   Writing objects:  70% (40/57)   Writing objects:  71% (41/57)   Writing objects:  73% (42/57)   Writing objects:  75% (43/57)   Writing objects:  77% (44/57)   Writing objects:  78% (45/57)   Writing objects:  80% (46/57)   Writing objects:  82% (47/57)   Writing objects:  84% (48/57)   Writing objects:  85% (49/57)   Writing objects:  87% (50/57)   Writing objects:  89% (51/57)   Writing objects:  91% (52/57)   Writing objects:  92% (53/57)   Writing objects:  94% (54/57)   Writing objects:  96% (55/57)   Writing objects:  98% (56/57)   Writing objects: 100% (57/57)   Writing objects: 100% (57/57), 11.64 KiB | 1.06 MiB/s, done.
Total 57 (delta 27), reused 0 (delta 0)
remote: Resolving deltas:   0% (0/27)   [Kremote: Resolving deltas:   3% (1/27)   [Kremote: Resolving deltas:   7% (2/27)   [Kremote: Resolving deltas:  11% (3/27)   [Kremote: Resolving deltas:  14% (4/27)   [Kremote: Resolving deltas:  29% (8/27)   [Kremote: Resolving deltas:  37% (10/27)   [Kremote: Resolving deltas:  44% (12/27)   [Kremote: Resolving deltas:  48% (13/27)   [Kremote: Resolving deltas:  55% (15/27)   [Kremote: Resolving deltas:  62% (17/27)   [Kremote: Resolving deltas:  70% (19/27)   [Kremote: Resolving deltas:  74% (20/27)   [Kremote: Resolving deltas:  77% (21/27)   [Kremote: Resolving deltas:  85% (23/27)   [Kremote: Resolving deltas:  96% (26/27)   [Kremote: Resolving deltas: 100% (27/27)   [Kremote: Resolving deltas: 100% (27/27), completed with 12 local objects.[K
To https://github.zhaw.ch/ModulResearchMethods/Unterrichtsunterlagen_HS19.git
   3064a42..675d601  master -> master
]0;/home/./staff/egel/unix]0;egel@svma-s-01171: ~[01;32megel@svma-s-01171[00m:[01;34m~[00m$ [K]0;egel@svma-s-01171: ~[01;32megel@svma-s-01171[00m:[01;34m~[00m$ [K]0;egel@svma-s-01171: ~[01;32megel@svma-s-01171[00m:[01;34m~[00m$ [K]0;egel@svma-s-01171: ~[01;32megel@svma-s-01171[00m:[01;34m~[000m$ groups: cannot find name for group ID 10000
]0;/home/./staff/egel/unix[2P]0;egel@svma-s-01171: ~[01;32megel@svma-s-0117
1[00m:[01;34m~[00m$ groups: cannot find name for group ID 10000
]0;/home/./staff/egel/unix[2P]0;egel@svma-s-01171: ~[01;32megel@svma-s-0117
1[00m:[01;34m~[00m$ groups: cannot find name for group ID 10000
]0;/home/./staff/egel/unix[2P]0;egel@svma-s-01171: ~[01;32megel@svma-s-0117
[K[A]0;egel@svma-s-01171: ~[01;32megel@svma-s-01171[00m:[01;34m~[00m$ git statz[Kus
On branch master
Your branch is up to date with 'origin/master'.

Changes not staged for commit:
  (use "git add <file>..." to update what will be committed)
  (use "git checkout -- <file>..." to discard changes in working directory)

	[31mmodified:   .bash_history[m
	[31mmodified:   .rstudio/client-state/workbenchp.persistent[m
	[31mmodified:   .rstudio/history_database[m
	[31mmodified:   .rstudio/monitored/lists/file_mru[m
	[31mmodified:   .rstudio/projects_settings/next-session-project[m
	[31mmodified:   .rstudio/sessions/active/session-a54d4ffe/console06/C19612EB[m
	[31mmodified:   .rstudio/sessions/active/session-a54d4ffe/console06/INDEX001[m
	[31mmodified:   .rstudio/sessions/active/session-a54d4ffe/properites/last-used[m
	[31mmodified:   .rstudio/sessions/active/session-a54d4ffe/properites/save_prompt_required[m
	[31mmodified:   .rstudio/sessions/active/session-a54d4ffe/session-persistent-state[m
	[31mmodified:   13_Statistik1/solution_stat1.Rmd[m

Untracked files:
  (use "git add <file>..." to include in what will be committed)

	[31m.rstudio/client-state/console.temporary[m
	[31m.rstudio/client-state/environment-panel.temporary[m
	[31m.rstudio/sessions/active/session-a54d4ffe/graphics-r3/[m
	[31m.rstudio/sessions/active/session-a54d4ffe/rmd-outputs[m
	[31m.rstudio/sessions/active/session-a54d4ffe/suspended-session-data/[m

no changes added to commit (use "git add" and/or "git commit -a")
]0;/home/./staff/egel/unix]0;egel@svma-s-01171: ~[01;32megel@svma-s-01171[00m:[01;34m~[00m$ git pull
Username for 'https://github.zhaw.ch': egel
Password for 'https://egel@github.zhaw.ch': 
remote: Enumerating objects: 11, done.[K
remote: Counting objects:   9% (1/11)   [Kremote: Counting objects:  18% (2/11)   [Kremote: Counting objects:  27% (3/11)   [Kremote: Counting objects:  36% (4/11)   [Kremote: Counting objects:  45% (5/11)   [Kremote: Counting objects:  54% (6/11)   [Kremote: Counting objects:  63% (7/11)   [Kremote: Counting objects:  72% (8/11)   [Kremote: Counting objects:  81% (9/11)   [Kremote: Counting objects:  90% (10/11)   [Kremote: Counting objects: 100% (11/11)   [Kremote: Counting objects: 100% (11/11), done.[K
remote: Compressing objects:  12% (1/8)   [Kremote: Compressing objects:  25% (2/8)   [Kremote: Compressing objects:  37% (3/8)   [Kremote: Compressing objects:  50% (4/8)   [Kremote: Compressing objects:  62% (5/8)   [Kremote: Compressing objects:  75% (6/8)   [Kremote: Compressing objects:  87% (7/8)   [Kremote: Compressing objects: 100% (8/8)   [Kremote: Compressing objects: 100% (8/8), done.[K
remote: Total 8 (delta 6), reused 0 (delta 0), pack-reused 0[K
Unpacking objects:  12% (1/8)   Unpacking objects:  25% (2/8)   Unpacking objects:  37% (3/8)   Unpacking objects:  50% (4/8)   Unpacking objects:  62% (5/8)   Unpacking objects:  75% (6/8)   Unpacking objects:  87% (7/8)   Unpacking objects: 100% (8/8)   Unpacking objects: 100% (8/8), done.
From https://github.zhaw.ch/ModulResearchMethods/Unterrichtsunterlagen_HS19
   675d601..b80e038  master     -> origin/master
Updating 675d601..b80e038
error: Your local changes to the following files would be overwritten by merge:
	13_Statistik1/solution_stat1.Rmd
Please commit your changes or stash them before you merge.
Aborting
]0;/home/./staff/egel/unix]0;egel@svma-s-01171: ~[01;32megel@svma-s-01171[00m:[01;34m~[00m$ [K]0;egel@svma-s-01171: ~[01;32megel@svma-s-01171[00m:[01;34m~[00m$ [K]0;egel@svma-s-01171: ~[01;32megel@svma-s-01171[00m:[01;34m~[00m$ ^C
]0;/home/./staff/egel/unix]0;egel@svma-s-01171: ~[01;32megel@svma-s-01171[00m:[01;34m~[00m$ ex[K[Kgit add -A
